Setting _echo_commands = true
%%> first line  second line  third line  final line
This is a mocking reply message for the sending message: first line  second line  third line  final line
%%> \echo This is line one  and line two  and line three  ending here
This is line one  and line two  and line three  ending here