Setting _echo_command = true
%%> "\\model-new[catalog_id=\"CS4\"] first-model"
Created model 'first-model' (ID: 00000001, Provider: anthropic, Base: claude-sonnet-4-20250514)
%%> "\\model-new[catalog_id=\"O3\"] second-model"
Created model 'second-model' (ID: 00000002, Provider: openai, Base: o3)
%%> "\\model-new[provider=\"anthropic\", base_model=\"claude-3-sonnet\"] third-model"
Created model 'third-model' (ID: 00000003, Provider: anthropic, Base: claude-3-sonnet)
%%> "\\model-activate first-model"
Activated model 'first-model' (ID: 00000001, Provider: anthropic, Base: claude-sonnet-4-20250514)
%%> "\\get[#active_model_name]"
#active_model_name = first-model
%%> "\\get[#active_model_id]"
#active_model_id = 00000001-0000-4000-8000-000000000001
%%> "\\get[#active_model_provider]"
#active_model_provider = anthropic
%%> "\\get[#active_model_base]"
#active_model_base = claude-sonnet-4-20250514
%%> "\\get[_output]"
_output = Activated model 'first-model' (ID: 00000001, Provider: anthropic, Base: claude-sonnet-4-20250514)
%%> "\\model-activate second-model"
Activated model 'second-model' (ID: 00000002, Provider: openai, Base: o3)
%%> "\\get[#active_model_name]"
#active_model_name = second-model
%%> "\\get[#active_model_provider]"
#active_model_provider = openai
%%> "\\get[_output]"
_output = Activated model 'second-model' (ID: 00000002, Provider: openai, Base: o3)