Service Status Check:
====================
  ✓ bash                 - available/initialized
  ✓ chat_session         - available/initialized
  ✓ editor               - available/initialized
  ✓ executor             - available/initialized
  ✓ help                 - available/initialized
  ✓ interpolation        - available/initialized
  ✓ llm                  - available/initialized
  ✓ model                - available/initialized
  ✓ model_catalog        - available/initialized
  ✓ script               - available/initialized
  ✓ theme                - available/initialized
  ✓ variable             - available/initialized
Summary: 12/12 services healthy