Setting _echo_command = true
%%> \get[_status]
_status = 0
%%> \get[_status]
_status = 0
%%> \get[_status]
_status = 1
%%> \bash echo ""
%%> \get[_status]
_status = 0
%%> \set[complex_var="value with spaces and special chars !@#$%"]
Setting complex_var = value with spaces and special chars !@#$%
%%> \get[_status]
_status = 0
%%> \get[complex_var]
complex_var = value with spaces and special chars !@#$%
%%> \set[_system_var="should fail"]
%%> \get[_status]
_status = 1
%%> \get[_error]
_error = failed to set variable _system_var: cannot set system variable: _system_var
%%> \bash echo 'special chars: !@#$%^&*()'
special chars: !@#$%^&*()
%%> \get[_status]
_status = 0
%%> \get[_output]
_output = special chars: !@#$%^&*()
%%> \bash sleep 0.1
%%> \get[_status]
_status = 0
%%> \bash sh -c 'echo "stdout"; echo "stderr" >&2; exit 1'
stdout
Error: stderr
Exit status: 1
%%> \get[_status]
_status = 1
%%> \get[_error]
_error = stderr
%%> \get[_output]
_output = stdout
%%> \bash echo "regular command"
regular command
%%> \get[_status]
_status = 0
%%> \bash ls /nonexistent
Error: ls: /nonexistent: No such file or directory
Exit status: 1
%%> \bash echo "after try"
after try
%%> \get[_status]
_status = 0