═══ Initial State: No API Keys ═══
No API keys found in any source.
═══ Attempting to Activate Non-existent Key ═══
_error = key 'os.OPENAI_API_KEY' is empty. Run \llm-api-show to see available keys
═══ State After Failed Activation ═══
No API keys found in any source.
═══ Testing Provider Filtering ═══
No API keys found for provider 'openai'.
No API keys found for provider 'anthropic'.
═══ Testing Invalid Provider ═══
_error = invalid provider 'invalid'. Valid providers: openai, anthropic, openrouter, moonshot, gemini