Setting _echo_command = true
%%> "\\set[cafe=\"café\"]"
Setting cafe = café
%%> "\\set[japanese=\"日本語\"]"
Setting japanese = 日本語
%%> "\\set[emoji=\"🚀\"]"
Setting emoji = 🚀
%%> "\\echo Basic interpolation: ${cafe}, ${japanese}, ${emoji}"
Basic interpolation: café, 日本語, 🚀
%%> "\\set[outer=\"café\"]"
Setting outer = café
%%> "\\set[café=\"🚀 rocket\"]"
Setting café = 🚀 rocket
%%> "\\echo Nested UTF-8: ${${outer}}"
Nested UTF-8: 🚀 rocket
%%> "\\set[prefix=\"utf8\"]"
Setting prefix = utf8
%%> "\\set[utf8_var=\"Testing: café with 日本語\"]"
Setting utf8_var = Testing: café with 日本語
%%> "\\echo Complex nested: ${${prefix}_var}"
Complex nested: Testing: café with 日本語
%%> "\\set[level1=\"level2\"]"
Setting level1 = level2
%%> "\\set[level2=\"café_final\"]"
Setting level2 = café_final
%%> "\\set[café_final=\"Final UTF-8: 🚀 ✨ 日本語\"]"
Setting café_final = Final UTF-8: 🚀 ✨ 日本語
%%> "\\echo Multi-level nesting: ${${${level1}}}"
Multi-level nesting: Final UTF-8: 🚀 ✨ 日本語
%%> "\\set[naïve=\"résumé with 🌟\"]"
Setting naïve = résumé with 🌟
%%> "\\set[résumé_key=\"naïve\"]"
Setting résumé_key = naïve
%%> "\\echo UTF-8 variable names: ${${résumé_key}}"
UTF-8 variable names: résumé with 🌟
%%> "\\set[dash=\"—\"]"
Setting dash = —
%%> "\\set[quotes=\"\"Hello\"\"]"
Setting quotes = "Hello"
%%> "\\set[combined=\"${quotes} from café ${dash} amazing\"]"
Setting combined = "Hello" from café — amazing
%%> "\\echo Symbol interpolation: ${combined}"
Symbol interpolation: "Hello" from café — amazing
%%> "\\set[greeting=\"Welcome to\"]"
Setting greeting = Welcome to
%%> "\\set[place=\"café naïve\"]"
Setting place = café naïve
%%> "\\set[action=\"serving 🚀 coffee\"]"
Setting action = serving 🚀 coffee
%%> "\\echo Complex: ${greeting} ${place} — ${action}"
Complex: Welcome to café naïve — serving 🚀 coffee
%%> "\\set[pi=\"π\"]"
Setting pi = π
%%> "\\set[infinity=\"∞\"]"
Setting infinity = ∞
%%> "\\set[formula=\"Area = ${pi} × r² ≠ ${infinity}\"]"
Setting formula = Area = π × r² ≠ ∞
%%> "\\echo Math symbols: ${formula}"
Math symbols: Area = π × r² ≠ ∞
%%> "\\set[euro=\"€\"]"
Setting euro = €
%%> "\\set[yen=\"¥\"]"
Setting yen = ¥
%%> "\\set[price=\"Coffee costs ${euro}5 or ${yen}600\"]"
Setting price = Coffee costs €5 or ¥600
%%> "\\echo Currency: ${price}"
Currency: Coffee costs €5 or ¥600
%%> "\\set[empty=\"\"]"
Setting empty = 
%%> "\\set[café_empty=\"${empty}café${empty}\"]"
Setting café_empty = café
%%> "\\echo Edge case: \"${café_empty}\""
Edge case: "café"
%%> "\\set[special=\"🚀${empty}café${empty}日本語\"]"
Setting special = 🚀café日本語
%%> "\\echo Preserved UTF-8: ${special}"
Preserved UTF-8: 🚀café日本語
%%> "\\set[1=\"First: café\"]"
Setting 1 = First: café
%%> "\\set[2=\"Second: 日本語\"]"
Setting 2 = Second: 日本語
%%> "\\set[3=\"Third: 🚀\"]"
Setting 3 = Third: 🚀
%%> "\\echo System-like variables: ${1}, ${2}, ${3}"
System-like variables: First: café, Second: 日本語, Third: 🚀
%%> "\\set[circular_a=\"café ${circular_b}\"]"
Setting circular_a = café 
%%> "\\set[circular_b=\"🚀 ${circular_a}\"]"
Setting circular_b = 🚀 café 
%%> "\\echo Circular (should stop): ${circular_a}"
Circular (should stop): café