Setting _echo_command = true
%%> "\\model-new[catalog_id=\"O4M\"] first-model"
Created model 'first-model' (ID: 00000001, Provider: openai, Base: o4-mini)
%%> "\\model-activate[id=true] 00000001-0000-4000-8000-000000000001"
Activated model 'first-model' (ID: 00000001, Provider: openai, Base: o4-mini)
%%> "\\llm-client-get[provider=openai]"
LLM client ready: openai:b10394de (configured: true)
%%> "\\llm-client-get[provider=openai]"
LLM client ready: openai:b10394de (configured: true)
%%> "\\model-new[catalog_id=\"O3\"] second-model"
Created model 'second-model' (ID: 00000002, Provider: openai, Base: o3)
%%> "\\model-activate[id=true] 00000002-0000-4000-8000-000000000002"
Activated model 'second-model' (ID: 00000002, Provider: openai, Base: o3)
%%> "\\llm-client-get[provider=openai]"
LLM client ready: openai:b10394de (configured: true)
%%> "\\llm-client-get[provider=openai]"
LLM client ready: openai:b10394de (configured: true)
%%> "\\model-new[provider=\"openai\", base_model=\"gpt-3.5-turbo\", description=\"Third model\"] third-model"
Created model 'third-model' (ID: 00000003, Provider: openai, Base: gpt-3.5-turbo)
%%> "\\model-activate[id=true] 00000003-0000-4000-8000-000000000003"
Activated model 'third-model' (ID: 00000003, Provider: openai, Base: gpt-3.5-turbo)
%%> "\\llm-client-get[provider=openai]"
LLM client ready: openai:b10394de (configured: true)
%%> "\\llm-client-get[provider=openai]"
LLM client ready: openai:b10394de (configured: true)
%%> "\\get[#model_count]"
#model_count = 
%%> "\\model-activate first-model"
Activated model 'first-model' (ID: 00000001, Provider: openai, Base: o4-mini)
%%> "\\llm-client-get[provider=openai]"
LLM client ready: openai:b10394de (configured: true)
%%> "\\get[#active_model_name]"
#active_model_name = first-model
%%> "\\get[#active_model_id]"
#active_model_id = 00000001-0000-4000-8000-000000000001
%%> "\\get[#active_model_provider]"
#active_model_provider = openai
%%> "\\get[#active_model_base]"
#active_model_base = o4-mini
%%> "\\model-activate second-model"
Activated model 'second-model' (ID: 00000002, Provider: openai, Base: o3)
%%> "\\llm-client-get[provider=openai]"
LLM client ready: openai:b10394de (configured: true)
%%> "\\get[#active_model_name]"
#active_model_name = second-model
%%> "\\get[#active_model_provider]"
#active_model_provider = openai
%%> "\\get[#active_model_base]"
#active_model_base = o3
%%> "\\model-status"
Model Configurations (3 models):
  first-model (00000001)
    Provider: openai
    Base Model: o4-mini
    Catalog ID: O4M
    Parameters: none
    Created: 2025-01-01 00:00:01
  second-model (00000002)
    Provider: openai
    Base Model: o3
    Catalog ID: O3
    Parameters: none
    Created: 2025-01-01 00:00:02
    Active: true
  third-model (00000003)
    Provider: openai
    Base Model: gpt-3.5-turbo
    Catalog ID: none
    Parameters: none
    Created: 2025-01-01 00:00:03
    Description: Third model
%%> "\\get[#model_count]"
#model_count = 3
%%> "\\get[#model_filtered_count]"
#model_filtered_count = 3
%%> "\\model-delete third-model"
Deleted model 'third-model' (ID: 00000003, Provider: openai, Base: gpt-3.5-turbo)
%%> "\\model-activate"
Current active model: 'second-model' (ID: 00000002, Provider: openai, Base: o3)
%%> "\\get[#model_count]"
#model_count = 3
%%> "\\get[#deleted_model_name]"
#deleted_model_name = third-model
%%> "\\get[#active_model_name]"
#active_model_name = second-model
%%> "\\model-delete second-model"
Deleted model 'second-model' (ID: 00000002, Provider: openai, Base: o3)
%%> "\\model-activate"
Current active model: 'second-model' (ID: 00000002, Provider: openai, Base: o3)
%%> "\\get[#active_model_name]"
#active_model_name = second-model
%%> "\\get[#active_model_id]"
#active_model_id = 00000002-0000-4000-8000-000000000002
%%> "\\get[#model_count]"
#model_count = 3
%%> "\\model-activate first-model"
Activated model 'first-model' (ID: 00000001, Provider: openai, Base: o4-mini)
%%> "\\llm-client-get[provider=openai]"
LLM client ready: openai:b10394de (configured: true)
%%> "\\get[#active_model_name]"
#active_model_name = first-model
%%> "\\model-status"
Model Configurations (1 models):
  first-model (00000001)
    Provider: openai
    Base Model: o4-mini
    Catalog ID: O4M
    Parameters: none
    Created: 2025-01-01 00:00:01
    Active: true
%%> "\\get[#model_count]"
#model_count = 1
%%> "\\get[#model_filtered_count]"
#model_filtered_count = 1