Setting _echo_command = true
%%> "\\model-new[catalog_id=\"CS4\"] first-model"
Created model 'first-model' (ID: 00000001, Provider: anthropic, Base: claude-sonnet-4-20250514)
%%> "\\model-new[catalog_id=\"O3\"] second-model"
Created model 'second-model' (ID: 00000002, Provider: openai, Base: o3)
%%> "\\model-new[provider=\"anthropic\", base_model=\"claude-3-sonnet\", description=\"Third model\"] third-model"
Created model 'third-model' (ID: 00000003, Provider: anthropic, Base: claude-3-sonnet)
%%> "\\get[#model_count]"
#model_count = 
%%> "\\model-activate first-model"
Activated model 'first-model' (ID: 00000001, Provider: anthropic, Base: claude-sonnet-4-20250514)
%%> "\\get[#active_model_name]"
#active_model_name = first-model
%%> "\\get[#active_model_id]"
#active_model_id = 00000001-0000-4000-8000-000000000001
%%> "\\get[#active_model_provider]"
#active_model_provider = anthropic
%%> "\\get[#active_model_base]"
#active_model_base = claude-sonnet-4-20250514
%%> "\\model-activate second-model"
Activated model 'second-model' (ID: 00000002, Provider: openai, Base: o3)
%%> "\\get[#active_model_name]"
#active_model_name = second-model
%%> "\\get[#active_model_provider]"
#active_model_provider = openai
%%> "\\get[#active_model_base]"
#active_model_base = o3
%%> "\\model-status"
Model Configurations (3 models):
  first-model (00000001)
    Provider: anthropic
    Base Model: claude-sonnet-4-20250514
    Catalog ID: CS4
    Parameters: none
    Created: 2025-01-01 00:00:01
  second-model (00000002)
    Provider: openai
    Base Model: o3
    Catalog ID: O3
    Parameters: none
    Created: 2025-01-01 00:00:02
    Active: true
  third-model (00000003)
    Provider: anthropic
    Base Model: claude-3-sonnet
    Catalog ID: none
    Parameters: none
    Created: 2025-01-01 00:00:03
    Description: Third model
%%> "\\get[#model_count]"
#model_count = 3
%%> "\\get[#model_filtered_count]"
#model_filtered_count = 3
%%> "\\model-delete third-model"
Deleted model 'third-model' (ID: 00000003, Provider: anthropic, Base: claude-3-sonnet)
%%> "\\get[#model_count]"
#model_count = 3
%%> "\\get[#deleted_model_name]"
#deleted_model_name = third-model
%%> "\\get[#active_model_name]"
#active_model_name = second-model
%%> "\\model-delete second-model"
Deleted model 'second-model' (ID: 00000002, Provider: openai, Base: o3)
%%> "\\get[#active_model_name]"
#active_model_name = second-model
%%> "\\get[#active_model_id]"
#active_model_id = 00000002-0000-4000-8000-000000000002
%%> "\\get[#model_count]"
#model_count = 3
%%> "\\model-activate first-model"
Activated model 'first-model' (ID: 00000001, Provider: anthropic, Base: claude-sonnet-4-20250514)
%%> "\\get[#active_model_name]"
#active_model_name = first-model
%%> "\\model-status"
Model Configurations (1 models):
  first-model (00000001)
    Provider: anthropic
    Base Model: claude-sonnet-4-20250514
    Catalog ID: CS4
    Parameters: none
    Created: 2025-01-01 00:00:01
    Active: true
%%> "\\get[#model_count]"
#model_count = 1
%%> "\\get[#model_filtered_count]"
#model_filtered_count = 1