Setting _echo_command = true
%%> "\\session-new test_session"
Created session 'test_session' (ID: 00000001)
%%> "\\session-list"
Sessions (1 total):
  test_session    (ID: 00000001, active, 0 messages, created: 2025-01-01)
%%> "\\get[_output]"
_output = Sessions (1 total):
  test_session    (ID: 00000001, active, 0 messages, created: 2025-01-01)