Setting _echo_command = true
%%> "\\session-new[system=\"You are a test assistant\"] lifecycle_test"
Created session 'lifecycle_test' (ID: 00000001)
%%> "\\silent \\session-activate[id=true] 00000001-0000-4000-8000-000000000001"
%%> "\\get[#session_name]"
#session_name = lifecycle_test
%%> "\\get[#session_id]"
#session_id = 00000001-0000-4000-8000-000000000001
%%> "\\session-delete[name=\"lifecycle_test\"]"
Deleted session 'lifecycle_test' (ID: 00000001)
%%> "\\silent \\session-activate"
%%> "\\get[#session_name]"
#session_name = lifecycle_test
%%> "\\get[#session_id]"
#session_id = 00000001-0000-4000-8000-000000000001
%%> "\\session-new id_test"
Created session 'id_test' (ID: 00000002)
%%> "\\silent \\session-activate[id=true] 00000002-0000-4000-8000-000000000002"
%%> "\\get[#session_id]"
#session_id = 00000002-0000-4000-8000-000000000002
%%> "\\session-delete ${#session_id}"
Deleted session 'id_test' (ID: 00000002)
%%> "\\silent \\session-activate"
%%> "\\get[#session_name]"
#session_name = id_test
%%> "\\get[#session_id]"
#session_id = 00000002-0000-4000-8000-000000000002