Setting _echo_command = true
%%> \session-new[system="You are a test assistant"] lifecycle_test
Created session 'lifecycle_test' (ID: 00000001)
%%> \get[#session_name]
#session_name = lifecycle_test
%%> \get[#session_id]
#session_id = 00000001-0000-4000-8000-000000000001
%%> \session-delete[name="lifecycle_test"]
Deleted session 'lifecycle_test' (ID: 00000001)
%%> \get[#session_name]
#session_name = 
%%> \get[#session_id]
#session_id = 
%%> \session-new id_test
Created session 'id_test' (ID: 00000002)
%%> \get[#session_id]
#session_id = 00000002-0000-4000-8000-000000000002
%%> \session-delete 00000002-0000-4000-8000-000000000002
Deleted session 'id_test' (ID: 00000002)
%%> \get[#session_name]
#session_name = 
%%> \get[#session_id]
#session_id = 