Created session 'lifecycle_test' (ID: {{PLACEHOLDER:8:8}})
#session_name = lifecycle_test
#session_id = {{UUID}}
Deleted session 'lifecycle_test' (ID: {{PLACEHOLDER:8:8}})
#session_name = 
#session_id = 
Created session 'id_test' (ID: {{PLACEHOLDER:8:8}})
#session_id = {{UUID}}
Deleted session 'id_test' (ID: {{PLACEHOLDER:8:8}})
#session_name = 
#session_id = 