Setting _echo_command = true
%%> \check[quiet=true]
%%> \echo Status: success
Status: success
%%> \echo Output: [OK] autocomplete - available/initialized
[OK] bash - available/initialized
[OK] chat_session - available/initialized
[OK] client_factory - available/initialized
[OK] editor - available/initialized
[OK] executor - available/initialized
[OK] help - available/initialized
[OK] llm - available/initialized
[OK] markdown - available/initialized
[OK] model - available/initialized
[OK] model_catalog - available/initialized
[OK] theme - available/initialized
[OK] variable - available/initialized
Output: [OK] autocomplete - available/initialized
[OK] bash - available/initialized
[OK] chat_session - available/initialized
[OK] client_factory - available/initialized
[OK] editor - available/initialized
[OK] executor - available/initialized
[OK] help - available/initialized
[OK] llm - available/initialized
[OK] markdown - available/initialized
[OK] model - available/initialized
[OK] model_catalog - available/initialized
[OK] theme - available/initialized
[OK] variable - available/initialized
%%> \echo Failed services: 
Failed services:
%%> \echo Total services: 13
Total services: 13
%%> \echo Failed count: 0
Failed count: 0
%%> \check[service=bash, quiet=true]
%%> \echo Bash check status: success
Bash check status: success
%%> \echo Bash total services: 1
Bash total services: 1