Status: success
Output: ✓ bash - available/initialized
✓ chat_session - available/initialized
✓ editor - available/initialized
✓ executor - available/initialized
✓ help - available/initialized
✓ interpolation - available/initialized
✓ model - available/initialized
✓ render - available/initialized
✓ script - available/initialized
✓ variable - available/initialized
Failed services: 
Total services: 10
Failed count: 0
Bash check status: success
Bash total services: 1