Setting _echo_command = true
%%> "\\echo I think... but wait\nthere is more to say"
I think... but wait
there is more to say
%%> "\\echo This message has natural... ellipsis and also\ncontinues on next line"
This message has natural... ellipsis and also
continues on next line
%%> "\\echo Processing data... please wait\noperation complete"
Processing data... please wait
operation complete