Setting _style = classic
_style = classic
Setting _style = minimal
_style = minimal
Setting _style = 
_style = 
Setting _style = modern
_style = modern
Setting _style = "theme with spaces"
_style = "theme with spaces"
Setting _style = compact-dark
_style = compact-dark
Setting _style = bracket-set
_style = bracket-set
Setting _style = space-set
_style = space-set
Setting _style = whitespace-test
_style = whitespace-test
Setting _style = final-value
_style = final-value