═══ Initial State: No API Keys ═══
No API keys found in any source.
═══ Attempting to Activate Non-existent Key ═══
_error = 
═══ State After Failed Activation ═══
No API keys found in any source.
═══ Testing Provider Filtering ═══
No API keys found for provider 'openai'.
No API keys found for provider 'anthropic'.
═══ Testing Invalid Provider ═══
_error = 