Setting _echo_command = true
%%> "\\model-new[catalog_id=\"O4M\"] claude-prod-model"
Created model 'claude-prod-model' (ID: 00000001, Provider: openai, Base: o4-mini)
%%> "\\silent \\model-activate[id=true] 00000001-0000-4000-8000-000000000001"
%%> "\\model-new[catalog_id=\"O3\"] openai-prod-model"
Created model 'openai-prod-model' (ID: 00000002, Provider: openai, Base: o3)
%%> "\\silent \\model-activate[id=true] 00000002-0000-4000-8000-000000000002"
%%> "\\model-new[provider=\"openai\", base_model=\"gpt-3.5-turbo\"] claude-test-model"
Created model 'claude-test-model' (ID: 00000003, Provider: openai, Base: gpt-3.5-turbo)
%%> "\\silent \\model-activate[id=true] 00000003-0000-4000-8000-000000000003"
%%> "\\model-new[provider=\"openai\", base_model=\"gpt-4\"] openai-test-model"
Created model 'openai-test-model' (ID: 00000004, Provider: openai, Base: gpt-4)
%%> "\\silent \\model-activate[id=true] 00000004-0000-4000-8000-000000000004"
%%> "\\model-status[name=\"prod\"]"
Model Configurations - Filter: name='prod' (2 models):
  claude-prod-model (00000001)
    Provider: openai
    Base Model: o4-mini
    Catalog ID: O4M
    Parameters: none
    Created: 2025-01-01 00:00:01
    Description: OpenAI O4-mini model
  openai-prod-model (00000002)
    Provider: openai
    Base Model: o3
    Catalog ID: O3
    Parameters: none
    Created: 2025-01-01 00:00:02
    Description: OpenAI O3 model
%%> "\\model-status[provider=\"openai\"]"
Model Configurations - Filter: provider='openai' (4 models):
  claude-prod-model (00000001)
    Provider: openai
    Base Model: o4-mini
    Catalog ID: O4M
    Parameters: none
    Created: 2025-01-01 00:00:01
    Description: OpenAI O4-mini model
  claude-test-model (00000003)
    Provider: openai
    Base Model: gpt-3.5-turbo
    Catalog ID: none
    Parameters: none
    Created: 2025-01-01 00:00:03
  openai-prod-model (00000002)
    Provider: openai
    Base Model: o3
    Catalog ID: O3
    Parameters: none
    Created: 2025-01-01 00:00:02
    Description: OpenAI O3 model
  openai-test-model (00000004)
    Provider: openai
    Base Model: gpt-4
    Catalog ID: none
    Parameters: none
    Created: 2025-01-01 00:00:04
    Active: true
%%> "\\model-status[name=\"claude\", provider=\"openai\"]"
Model Configurations - Filter: name='claude', provider='openai' (2 models):
  claude-prod-model (00000001)
    Provider: openai
    Base Model: o4-mini
    Catalog ID: O4M
    Parameters: none
    Created: 2025-01-01 00:00:01
    Description: OpenAI O4-mini model
  claude-test-model (00000003)
    Provider: openai
    Base Model: gpt-3.5-turbo
    Catalog ID: none
    Parameters: none
    Created: 2025-01-01 00:00:03
%%> "\\model-status[provider=\"nonexistent\"]"
No model configurations found matching filter: provider='nonexistent'
%%> "\\get[#model_count]"
#model_count = 4
%%> "\\get[#model_filtered_count]"
#model_filtered_count = 0