Setting _echo_command = true
%%> "\\model-new[catalog_id=\"O3\"] zebra-model"
Created model 'zebra-model' (ID: 00000001, Provider: openai, Base: o3)
%%> "\\silent \\openai-client-new[client_type=OAR]"
%%> "\\silent \\llm-client-activate OAR"
%%> "\\silent \\model-activate[id=true] 00000001-0000-4000-8000-000000000001"
%%> "\\model-new[catalog_id=\"O4M\"] alpha-model"
Created model 'alpha-model' (ID: 00000002, Provider: openai, Base: o4-mini)
%%> "\\silent \\openai-client-new[client_type=OAC]"
%%> "\\silent \\llm-client-activate OAC"
%%> "\\silent \\model-activate[id=true] 00000002-0000-4000-8000-000000000002"
%%> "\\model-new[catalog_id=\"G41\"] middle-model"
Created model 'middle-model' (ID: 00000003, Provider: openai, Base: gpt-4.1-2025-04-14)
%%> "\\silent \\openai-client-new[client_type=OAC]"
%%> "\\silent \\llm-client-activate OAC"
%%> "\\silent \\model-activate[id=true] 00000003-0000-4000-8000-000000000003"
%%> "\\model-status[sort=\"name\"]"
Model Configurations (3 models):
  alpha-model (00000002)
    Provider: openai
    Base Model: o4-mini
    Catalog ID: O4M
    Parameters: none
    Created: 2025-01-01 00:00:02
    Description: OpenAI O4-mini model
  middle-model (00000003)
    Provider: openai
    Base Model: gpt-4.1-2025-04-14
    Catalog ID: G41
    Parameters: none
    Created: 2025-01-01 00:00:03
    Description: OpenAI GPT-4.1 model
    Active: true
  zebra-model (00000001)
    Provider: openai
    Base Model: o3
    Catalog ID: O3
    Parameters: none
    Created: 2025-01-01 00:00:01
    Description: OpenAI O3 model
%%> "\\model-status[sort=\"provider\"]"
Model Configurations (3 models):
  alpha-model (00000002)
    Provider: openai
    Base Model: o4-mini
    Catalog ID: O4M
    Parameters: none
    Created: 2025-01-01 00:00:02
    Description: OpenAI O4-mini model
  middle-model (00000003)
    Provider: openai
    Base Model: gpt-4.1-2025-04-14
    Catalog ID: G41
    Parameters: none
    Created: 2025-01-01 00:00:03
    Description: OpenAI GPT-4.1 model
    Active: true
  zebra-model (00000001)
    Provider: openai
    Base Model: o3
    Catalog ID: O3
    Parameters: none
    Created: 2025-01-01 00:00:01
    Description: OpenAI O3 model
%%> "\\model-status[sort=\"created\"]"
Model Configurations (3 models):
  zebra-model (00000001)
    Provider: openai
    Base Model: o3
    Catalog ID: O3
    Parameters: none
    Created: 2025-01-01 00:00:01
    Description: OpenAI O3 model
  alpha-model (00000002)
    Provider: openai
    Base Model: o4-mini
    Catalog ID: O4M
    Parameters: none
    Created: 2025-01-01 00:00:02
    Description: OpenAI O4-mini model
  middle-model (00000003)
    Provider: openai
    Base Model: gpt-4.1-2025-04-14
    Catalog ID: G41
    Parameters: none
    Created: 2025-01-01 00:00:03
    Description: OpenAI GPT-4.1 model
    Active: true
%%> "\\try \\model-status[sort=\"invalid\"]"
%%> "\\model-status[sort=\"invalid\"]"
%%> "\\get[#model_count]"
#model_count = 3