Setting _echo_command = true
%%> "\\model-catalog[provider=\"openai\"]"
Model Catalog (Openai) (7 models):
  [G41] GPT-4.1 (gpt-4.1-2025-04-14)
    Context: 1,047,576 tokens (max output: 32,768 tokens)
    Capabilities: text, reasoning, analysis, coding, writing, tool-use, vision, web-search, file-search, image-generation, code-interpreter, fine-tuning, distillation, predicted-outputs
    Modalities: text-input, image-input, text-output
    Pricing: $2.00/1M input, $8.00/1M output tokens
    Features: streaming, function-calling, structured-outputs, vision, fine-tuning
    Tools: web-search, file-search, image-generation, code-interpreter
    Knowledge cutoff: 2024-05-31
    Description: GPT-4.1 is OpenAI's flagship model for complex tasks. It is well suited for problem solving across domains.
  [G4O] GPT-4o (gpt-4o-2024-11-20)
    Context: 128,000 tokens (max output: 16,384 tokens)
    Capabilities: text, reasoning, analysis, coding, writing, tool-use, vision, web-search, file-search, image-generation, code-interpreter, fine-tuning, distillation, predicted-outputs, omni
    Modalities: text-input, image-input, text-output
    Pricing: $2.50/1M input, $10.00/1M output tokens
    Features: streaming, function-calling, structured-outputs, vision, fine-tuning
    Tools: web-search, file-search, image-generation, code-interpreter
    Knowledge cutoff: 2023-09-30
    Description: GPT-4o ("o" for "omni") is our versatile, high-intelligence flagship model. It accepts both text and image inputs, and produces text outputs (including Structured Outputs). It is the best model for most tasks, and is our most capable model outside of our o-series models.
  [O1] o1 (o1-2024-12-17)
    Context: 200,000 tokens (max output: 100,000 tokens)
    Capabilities: text, reasoning, analysis, coding, writing, tool-use, vision, file-search, reinforcement-learning, complex-reasoning, chain-of-thought
    Modalities: text-input, image-input, text-output
    Pricing: $15.00/1M input, $60.00/1M output tokens
    Features: streaming, function-calling, structured-outputs, vision
    Tools: file-search
    Knowledge cutoff: 2023-09-30
    Reasoning tokens supported
    Description: The o1 series of models are trained with reinforcement learning to perform complex reasoning. o1 models think before they answer, producing a long internal chain of thought before responding to the user.
  [O1P] o1-pro (o1-pro-2025-03-19)
    Context: 200,000 tokens (max output: 100,000 tokens)
    Capabilities: text, reasoning, analysis, coding, writing, tool-use, vision, reinforcement-learning, complex-reasoning, chain-of-thought
    Modalities: text-input, image-input, text-output
    Pricing: $150.00/1M input, $600.00/1M output tokens
    Features: streaming, function-calling, structured-outputs, vision
    Knowledge cutoff: 2023-09-30
    Reasoning tokens supported
    Description: The o1 series of models are trained with reinforcement learning to think before they answer and perform complex reasoning. The o1-pro model uses more compute to think harder and provide consistently better answers.
  [O3] O3 (o3)
    Context: 200,000 tokens (max output: 100,000 tokens)
    Capabilities: text, reasoning, analysis, coding, writing, math, visual-reasoning, instruction-following, technical-writing
    Modalities: text-input, text-output, image-input
    Pricing: $2.00/1M input, $8.00/1M output tokens
    Features: streaming, function-calling, structured-outputs, vision
    Tools: web-search, file-search, image-generation, code-interpreter, mcp
    Knowledge cutoff: 2024-05-31
    Reasoning tokens supported
    Snapshots: o3, o3-2025-04-16
    Description: Well-rounded and powerful model across domains. Sets a new standard for math, science, coding, and visual reasoning tasks. Also excels at technical writing and instruction-following. Use it to think through multi-step problems that involve analysis across text, code, and images.
  [O3P] o3-pro (o3-pro-2025-06-10)
    Context: 200,000 tokens (max output: 100,000 tokens)
    Capabilities: text, reasoning, analysis, coding, writing, tool-use, vision, web-search, file-search, image-generation, reinforcement-learning, complex-reasoning
    Modalities: text-input, image-input, text-output
    Pricing: $20.00/1M input, $80.00/1M output tokens
    Features: streaming, function-calling, structured-outputs, vision
    Tools: web-search, file-search, image-generation
    Knowledge cutoff: 2024-05-31
    Reasoning tokens supported
    Description: The o-series of models are trained with reinforcement learning to think before they answer and perform complex reasoning. The o3-pro model uses more compute to think harder and provide consistently better answers.
  [O4M] O4-mini (o4-mini)
    Context: 200,000 tokens (max output: 100,000 tokens)
    Capabilities: text, reasoning, analysis, coding, writing, visual-reasoning
    Modalities: text-input, text-output, image-input
    Pricing: $1.10/1M input, $4.40/1M output tokens
    Features: streaming, function-calling, structured-outputs, vision, fine-tuning
    Tools: web-search, file-search, code-interpreter, mcp
    Knowledge cutoff: 2024-05-31
    Reasoning tokens supported
    Snapshots: o4-mini, o4-mini-2025-04-16
    Description: Faster, more affordable reasoning model optimized for fast, effective reasoning with exceptionally efficient performance in coding and visual tasks.
%%> "\\model-catalog[provider=\"openai\"]"
Model Catalog (Openai) (7 models):
  [G41] GPT-4.1 (gpt-4.1-2025-04-14)
    Context: 1,047,576 tokens (max output: 32,768 tokens)
    Capabilities: text, reasoning, analysis, coding, writing, tool-use, vision, web-search, file-search, image-generation, code-interpreter, fine-tuning, distillation, predicted-outputs
    Modalities: text-input, image-input, text-output
    Pricing: $2.00/1M input, $8.00/1M output tokens
    Features: streaming, function-calling, structured-outputs, vision, fine-tuning
    Tools: web-search, file-search, image-generation, code-interpreter
    Knowledge cutoff: 2024-05-31
    Description: GPT-4.1 is OpenAI's flagship model for complex tasks. It is well suited for problem solving across domains.
  [G4O] GPT-4o (gpt-4o-2024-11-20)
    Context: 128,000 tokens (max output: 16,384 tokens)
    Capabilities: text, reasoning, analysis, coding, writing, tool-use, vision, web-search, file-search, image-generation, code-interpreter, fine-tuning, distillation, predicted-outputs, omni
    Modalities: text-input, image-input, text-output
    Pricing: $2.50/1M input, $10.00/1M output tokens
    Features: streaming, function-calling, structured-outputs, vision, fine-tuning
    Tools: web-search, file-search, image-generation, code-interpreter
    Knowledge cutoff: 2023-09-30
    Description: GPT-4o ("o" for "omni") is our versatile, high-intelligence flagship model. It accepts both text and image inputs, and produces text outputs (including Structured Outputs). It is the best model for most tasks, and is our most capable model outside of our o-series models.
  [O1] o1 (o1-2024-12-17)
    Context: 200,000 tokens (max output: 100,000 tokens)
    Capabilities: text, reasoning, analysis, coding, writing, tool-use, vision, file-search, reinforcement-learning, complex-reasoning, chain-of-thought
    Modalities: text-input, image-input, text-output
    Pricing: $15.00/1M input, $60.00/1M output tokens
    Features: streaming, function-calling, structured-outputs, vision
    Tools: file-search
    Knowledge cutoff: 2023-09-30
    Reasoning tokens supported
    Description: The o1 series of models are trained with reinforcement learning to perform complex reasoning. o1 models think before they answer, producing a long internal chain of thought before responding to the user.
  [O1P] o1-pro (o1-pro-2025-03-19)
    Context: 200,000 tokens (max output: 100,000 tokens)
    Capabilities: text, reasoning, analysis, coding, writing, tool-use, vision, reinforcement-learning, complex-reasoning, chain-of-thought
    Modalities: text-input, image-input, text-output
    Pricing: $150.00/1M input, $600.00/1M output tokens
    Features: streaming, function-calling, structured-outputs, vision
    Knowledge cutoff: 2023-09-30
    Reasoning tokens supported
    Description: The o1 series of models are trained with reinforcement learning to think before they answer and perform complex reasoning. The o1-pro model uses more compute to think harder and provide consistently better answers.
  [O3] O3 (o3)
    Context: 200,000 tokens (max output: 100,000 tokens)
    Capabilities: text, reasoning, analysis, coding, writing, math, visual-reasoning, instruction-following, technical-writing
    Modalities: text-input, text-output, image-input
    Pricing: $2.00/1M input, $8.00/1M output tokens
    Features: streaming, function-calling, structured-outputs, vision
    Tools: web-search, file-search, image-generation, code-interpreter, mcp
    Knowledge cutoff: 2024-05-31
    Reasoning tokens supported
    Snapshots: o3, o3-2025-04-16
    Description: Well-rounded and powerful model across domains. Sets a new standard for math, science, coding, and visual reasoning tasks. Also excels at technical writing and instruction-following. Use it to think through multi-step problems that involve analysis across text, code, and images.
  [O3P] o3-pro (o3-pro-2025-06-10)
    Context: 200,000 tokens (max output: 100,000 tokens)
    Capabilities: text, reasoning, analysis, coding, writing, tool-use, vision, web-search, file-search, image-generation, reinforcement-learning, complex-reasoning
    Modalities: text-input, image-input, text-output
    Pricing: $20.00/1M input, $80.00/1M output tokens
    Features: streaming, function-calling, structured-outputs, vision
    Tools: web-search, file-search, image-generation
    Knowledge cutoff: 2024-05-31
    Reasoning tokens supported
    Description: The o-series of models are trained with reinforcement learning to think before they answer and perform complex reasoning. The o3-pro model uses more compute to think harder and provide consistently better answers.
  [O4M] O4-mini (o4-mini)
    Context: 200,000 tokens (max output: 100,000 tokens)
    Capabilities: text, reasoning, analysis, coding, writing, visual-reasoning
    Modalities: text-input, text-output, image-input
    Pricing: $1.10/1M input, $4.40/1M output tokens
    Features: streaming, function-calling, structured-outputs, vision, fine-tuning
    Tools: web-search, file-search, code-interpreter, mcp
    Knowledge cutoff: 2024-05-31
    Reasoning tokens supported
    Snapshots: o4-mini, o4-mini-2025-04-16
    Description: Faster, more affordable reasoning model optimized for fast, effective reasoning with exceptionally efficient performance in coding and visual tasks.
%%> "\\model-new[catalog_id=\"O4M\"] my-claude-4"
Created model 'my-claude-4' (ID: 00000001, Provider: openai, Base: o4-mini)
%%> "\\silent \\openai-client-new[client_type=OAC]"
%%> "\\silent \\llm-client-activate OAC"
%%> "\\silent \\model-activate[id=true] 00000001-0000-4000-8000-000000000001"
%%> "\\model-new[catalog_id=\"O3\"] my-o3-model"
Created model 'my-o3-model' (ID: 00000002, Provider: openai, Base: o3)
%%> "\\silent \\openai-client-new[client_type=OAR]"
%%> "\\silent \\llm-client-activate OAR"
%%> "\\silent \\model-activate[id=true] 00000002-0000-4000-8000-000000000002"
%%> "\\model-status"
Model Configurations (2 models):
  my-claude-4 (00000001)
    Provider: openai
    Base Model: o4-mini
    Catalog ID: O4M
    Parameters: none
    Created: 2025-01-01 00:00:01
    Description: OpenAI O4-mini model
  my-o3-model (00000002)
    Provider: openai
    Base Model: o3
    Catalog ID: O3
    Parameters: none
    Created: 2025-01-01 00:00:02
    Description: OpenAI O3 model
    Active: true
%%> "\\model-activate my-claude-4"
Activated model 'my-claude-4' (ID: 00000001, Provider: openai, Base: o4-mini)
%%> "\\silent \\llm-client-activate OAC"
%%> "\\silent \\openai-client-new[client_type=OAC]"
%%> "\\get[#active_model_name]"
#active_model_name = my-claude-4
%%> "\\get[#active_model_provider]"
#active_model_provider = openai
%%> "\\model-activate my-o3-model"
Activated model 'my-o3-model' (ID: 00000002, Provider: openai, Base: o3)
%%> "\\silent \\llm-client-activate OAR"
%%> "\\silent \\openai-client-new[client_type=OAC]"
%%> "\\model-new[catalog_id=\"O4M\", temperature=\"0.8\", description=\"Custom model\"] custom-model"
Created model 'custom-model' (ID: 00000003, Provider: openai, Base: o4-mini)
%%> "\\silent \\openai-client-new[client_type=OAC]"
%%> "\\silent \\llm-client-activate OAC"
%%> "\\silent \\model-activate[id=true] 00000003-0000-4000-8000-000000000003"
%%> "\\model-status"
Model Configurations (3 models):
  custom-model (00000003)
    Provider: openai
    Base Model: o4-mini
    Catalog ID: O4M
    Parameters: 1 (temperature=0.8)
    Created: 2025-01-01 00:00:03
    Description: Custom model
    Active: true
  my-claude-4 (00000001)
    Provider: openai
    Base Model: o4-mini
    Catalog ID: O4M
    Parameters: none
    Created: 2025-01-01 00:00:01
    Description: OpenAI O4-mini model
  my-o3-model (00000002)
    Provider: openai
    Base Model: o3
    Catalog ID: O3
    Parameters: none
    Created: 2025-01-01 00:00:02
    Description: OpenAI O3 model
%%> "\\model-delete my-claude-4"
Deleted model 'my-claude-4' (ID: 00000001, Provider: openai, Base: o4-mini)
%%> "\\silent \\model-activate"
%%> "\\model-status"
Model Configurations (2 models):
  custom-model (00000003)
    Provider: openai
    Base Model: o4-mini
    Catalog ID: O4M
    Parameters: 1 (temperature=0.8)
    Created: 2025-01-01 00:00:03
    Description: Custom model
    Active: true
  my-o3-model (00000002)
    Provider: openai
    Base Model: o3
    Catalog ID: O3
    Parameters: none
    Created: 2025-01-01 00:00:02
    Description: OpenAI O3 model
%%> "\\get[#active_model_name]"
#active_model_name = custom-model
%%> "\\model-delete my-o3-model"
Deleted model 'my-o3-model' (ID: 00000002, Provider: openai, Base: o3)
%%> "\\silent \\model-activate"
%%> "\\model-delete custom-model"
Deleted model 'custom-model' (ID: 00000003, Provider: openai, Base: o4-mini)
%%> "\\silent \\model-activate"
%%> "\\model-status"
No model configurations found. Use \model-new to create model configurations.