Setting _echo_command = true
%%> "\\model-new[catalog_id=\"O4MC\"] claude-prod-model"
Created model 'claude-prod-model' (ID: 00000001, Provider: openai, Base: o4-mini)
%%> "\\silent \\openai-client-new[client_type=OAC]"
%%> "\\silent \\llm-client-activate OAC"
%%> "\\silent \\model-activate[id=true] 00000001-0000-4000-8000-000000000001"
%%> "\\model-new[catalog_id=\"O3R\"] openai-prod-model"
Created model 'openai-prod-model' (ID: 00000002, Provider: openai, Base: o3)
%%> "\\silent \\openai-client-new[client_type=OAR]"
%%> "\\silent \\llm-client-activate OAR"
%%> "\\silent \\model-activate[id=true] 00000002-0000-4000-8000-000000000002"
%%> "\\model-new[catalog_id=\"O4MC\"] claude-test-model"
Created model 'claude-test-model' (ID: 00000003, Provider: openai, Base: o4-mini)
%%> "\\silent \\openai-client-new[client_type=OAC]"
%%> "\\silent \\llm-client-activate OAC"
%%> "\\silent \\model-activate[id=true] 00000003-0000-4000-8000-000000000003"
%%> "\\model-new[catalog_id=\"G41C\"] openai-test-model"
Created model 'openai-test-model' (ID: 00000004, Provider: openai, Base: gpt-4.1-2025-04-14)
%%> "\\silent \\openai-client-new[client_type=OAC]"
%%> "\\silent \\llm-client-activate OAC"
%%> "\\silent \\model-activate[id=true] 00000004-0000-4000-8000-000000000004"
%%> "\\model-status[name=\"prod\"]"
Model Configurations - Filter: name='prod' (2 models):
  claude-prod-model (00000001)
    Provider: openai
    Base Model: o4-mini
    Catalog ID: O4MC
    Parameters: 1 (temperature=1)
    Created: 2025-01-01 00:00:01
    Description: OpenAI O4-mini Chat model

  openai-prod-model (00000002)
    Provider: openai
    Base Model: o3
    Catalog ID: O3R
    Parameters: 2 (reasoning_effort=medium, reasoning_summary=auto)
    Created: 2025-01-01 00:00:02
    Description: OpenAI O3 Reasoning model

%%> "\\model-status[provider=\"openai\"]"
Model Configurations - Filter: provider='openai' (4 models):
  claude-prod-model (00000001)
    Provider: openai
    Base Model: o4-mini
    Catalog ID: O4MC
    Parameters: 1 (temperature=1)
    Created: 2025-01-01 00:00:01
    Description: OpenAI O4-mini Chat model

  claude-test-model (00000003)
    Provider: openai
    Base Model: o4-mini
    Catalog ID: O4MC
    Parameters: 1 (temperature=1)
    Created: 2025-01-01 00:00:03
    Description: OpenAI O4-mini Chat model

  openai-prod-model (00000002)
    Provider: openai
    Base Model: o3
    Catalog ID: O3R
    Parameters: 2 (reasoning_effort=medium, reasoning_summary=auto)
    Created: 2025-01-01 00:00:02
    Description: OpenAI O3 Reasoning model

  openai-test-model (00000004)
    Provider: openai
    Base Model: gpt-4.1-2025-04-14
    Catalog ID: G41C
    Parameters: 1 (temperature=1)
    Created: 2025-01-01 00:00:04
    Description: OpenAI GPT-4.1 Chat model
    Active: true

%%> "\\model-status[name=\"claude\", provider=\"openai\"]"
Model Configurations - Filter: name='claude', provider='openai' (2 models):
  claude-prod-model (00000001)
    Provider: openai
    Base Model: o4-mini
    Catalog ID: O4MC
    Parameters: 1 (temperature=1)
    Created: 2025-01-01 00:00:01
    Description: OpenAI O4-mini Chat model

  claude-test-model (00000003)
    Provider: openai
    Base Model: o4-mini
    Catalog ID: O4MC
    Parameters: 1 (temperature=1)
    Created: 2025-01-01 00:00:03
    Description: OpenAI O4-mini Chat model

%%> "\\model-status[provider=\"nonexistent\"]"
No model configurations found matching filter: provider='nonexistent'
%%> "\\get[#model_count]"
#model_count = 4
%%> "\\get[#model_filtered_count]"
#model_filtered_count =<wc_output>