Setting _echo_command = true
%%> "\\provider-catalog[provider=openai]"
Provider Catalog (Openai) (1 providers):
  [OAC] OpenAI Chat Completions (openai)
    Base URL: https://api.openai.com/v1
    Endpoint: /chat/completions
    Client Type: openai
    Description: OpenAI's chat completion API for GPT models
    Implementation: Natively supported by NeuroShell
%%> "\\provider-catalog[provider=anthropic]"
Provider Catalog (Anthropic) (1 providers):
  [ANC] Anthropic Claude Chat (openai-compatible)
    Base URL: https://api.anthropic.com/v1
    Endpoint: /messages
    Client Type: openai-compatible
    Headers: anthropic-version: 2023-06-01
    Description: Anthropic Claude chat completions API
    Implementation: Natively supported by NeuroShell
%%> "\\provider-catalog[provider=moonshot]"
FATA Script execution failed error="command execution failed: invalid provider option 'moonshot'. Valid options: all, openai, anthropic, gemini"