Setting _echo_command = true
%%> "\\provider-catalog[sort=name]"
Provider Catalog (5 providers):
  [ANC] Anthropic Claude Chat (openai-compatible)
    Provider: anthropic
    Base URL: https://api.anthropic.com/v1
    Endpoint: /messages
    Client Type: openai-compatible
    Headers: anthropic-version: 2023-06-01
    Description: Anthropic Claude chat completions API
    Implementation: Natively supported by NeuroShell
  [GMC] Google Gemini Chat (gemini)
    Provider: gemini
    Base URL: https://generativelanguage.googleapis.com/v1beta
    Endpoint: /models/{model}:generateContent
    Client Type: gemini
    Headers: Content-Type: application/json, x-goog-api-key: {API_KEY}
    Description: Google Gemini generative AI chat completions API
    Implementation: Natively supported by NeuroShell
  [MSC] Moonshot Chat Completions (openai-compatible)
    Provider: moonshot
    Base URL: https://api.moonshot.ai/v1
    Endpoint: /chat/completions
    Client Type: openai-compatible
    Description: Moonshot AI chat completions API
    Implementation: Uses OpenAI-compatible API
  [OAC] OpenAI Chat Completions (openai)
    Provider: openai
    Base URL: https://api.openai.com/v1
    Endpoint: /chat/completions
    Client Type: openai
    Description: OpenAI's chat completion API for GPT models
    Implementation: Natively supported by NeuroShell
  [ORC] OpenRouter Chat Completions (openai-compatible)
    Provider: openrouter
    Base URL: https://openrouter.ai/api/v1
    Endpoint: /chat/completions
    Client Type: openai-compatible
    Headers: HTTP-Referer: https://github.com/vitadin/NeuroShell, X-Title: NeuroShell
    Description: OpenRouter unified API access to multiple LLM providers
    Implementation: Uses OpenAI-compatible API
%%> "\\provider-catalog[sort=provider]"
Provider Catalog (5 providers):
Anthropic Providers:
  [ANC] Anthropic Claude Chat (openai-compatible)
    Provider: anthropic
    Base URL: https://api.anthropic.com/v1
    Endpoint: /messages
    Client Type: openai-compatible
    Headers: anthropic-version: 2023-06-01
    Description: Anthropic Claude chat completions API
    Implementation: Natively supported by NeuroShell
Gemini Providers:
  [GMC] Google Gemini Chat (gemini)
    Provider: gemini
    Base URL: https://generativelanguage.googleapis.com/v1beta
    Endpoint: /models/{model}:generateContent
    Client Type: gemini
    Headers: Content-Type: application/json, x-goog-api-key: {API_KEY}
    Description: Google Gemini generative AI chat completions API
    Implementation: Natively supported by NeuroShell
Moonshot Providers:
  [MSC] Moonshot Chat Completions (openai-compatible)
    Provider: moonshot
    Base URL: https://api.moonshot.ai/v1
    Endpoint: /chat/completions
    Client Type: openai-compatible
    Description: Moonshot AI chat completions API
    Implementation: Uses OpenAI-compatible API
Openai Providers:
  [OAC] OpenAI Chat Completions (openai)
    Provider: openai
    Base URL: https://api.openai.com/v1
    Endpoint: /chat/completions
    Client Type: openai
    Description: OpenAI's chat completion API for GPT models
    Implementation: Natively supported by NeuroShell
Openrouter Providers:
  [ORC] OpenRouter Chat Completions (openai-compatible)
    Provider: openrouter
    Base URL: https://openrouter.ai/api/v1
    Endpoint: /chat/completions
    Client Type: openai-compatible
    Headers: HTTP-Referer: https://github.com/vitadin/NeuroShell, X-Title: NeuroShell
    Description: OpenRouter unified API access to multiple LLM providers
    Implementation: Uses OpenAI-compatible API