Setting _echo_command = true
%%> "\\session-show"
No sessions found. Use \session-new to create a session.
%%> "\\session-new test_session_one"
Created session 'test_session_one' (ID: 00000001)
%%> "\\silent \\session-activate[id=true] 00000001-0000-4000-8000-000000000001"
%%> "\\session-new test_session_two"
Created session 'test_session_two' (ID: 00000002)
%%> "\\silent \\session-activate[id=true] 00000002-0000-4000-8000-000000000002"
%%> "\\session-new another_session"
Created session 'another_session' (ID: 00000003)
%%> "\\silent \\session-activate[id=true] 00000003-0000-4000-8000-000000000003"
%%> "\\session-activate test_session_one"
Activated session 'test_session_one' (ID: 00000001, Messages: 0)
%%> "\\session-delete test_session_one"
Deleted session 'test_session_one' (ID: 00000001)
%%> "\\silent \\session-activate"
%%> "\\session-show"
Session: another_session (ID: 00000003)
System: You are a helpful assistant.
Created: 2025-01-01 00:00:03
Updated: 2025-01-01 00:00:03
Messages: 0 total
%%> "\\silent \\session-activate[id=true] 00000003-0000-4000-8000-000000000003"
%%> "\\try \\session-show nonexistent_session_name"
%%> "\\session-show nonexistent_session_name"
%%> "\\get[_error]"
_error = No sessions found matching name 'nonexistent_session_name'.
Available sessions:
  test_session_two (ID: 00000002)
  another_session (ID: 00000003)
%%> "\\try \\session-show[id=true] xyz999999"
%%> "\\session-show[id=true] xyz999999"
%%> "\\get[_error]"
_error = No sessions found matching ID prefix 'xyz999999'.
Available sessions:
  ID: 00000002 (name: test_session_two)
  ID: 00000003 (name: another_session)
%%> "\\try \\session-show test_session"
%%> "\\session-show test_session"
Session: test_session_two (ID: 00000002)
System: You are a helpful assistant.
Created: 2025-01-01 00:00:02
Updated: 2025-01-01 00:00:02
Messages: 0 total
%%> "\\silent \\session-activate[id=true] 00000002-0000-4000-8000-000000000002"
%%> "\\get[_error]"
_error = 
%%> "\\session-show test_session_two"
Session: test_session_two (ID: 00000002)
System: You are a helpful assistant.
Created: 2025-01-01 00:00:02
Updated: 2025-01-01 00:00:02
Messages: 0 total
%%> "\\silent \\session-activate[id=true] 00000002-0000-4000-8000-000000000002"
%%> "\\session-delete test_session_two"
Deleted session 'test_session_two' (ID: 00000002)
%%> "\\silent \\session-activate"
%%> "\\session-delete another_session"
Deleted session 'another_session' (ID: 00000003)
%%> "\\silent \\session-activate"
%%> "\\session-show"
No sessions found. Use \session-new to create a session.