Setting _echo_command = true
%%> "\\session-new work_project_alpha"
Created session 'work_project_alpha' (ID: 00000001)
%%> "\\silent \\session-activate[id=true] 00000001-0000-4000-8000-000000000001"
%%> "\\session-new work_project_beta"
Created session 'work_project_beta' (ID: 00000002)
%%> "\\silent \\session-activate[id=true] 00000002-0000-4000-8000-000000000002"
%%> "\\session-new debug_session"
Created session 'debug_session' (ID: 00000003)
%%> "\\silent \\session-activate[id=true] 00000003-0000-4000-8000-000000000003"
%%> "\\session-show debug"
Session: debug_session (ID: 00000003)
System: You are a helpful assistant.
Created: 2025-01-01 00:00:03
Updated: 2025-01-01 00:00:03
Messages: 0 total
%%> "\\silent \\session-activate[id=true] 00000003-0000-4000-8000-000000000003"
%%> "\\session-show alpha"
Session: work_project_alpha (ID: 00000001)
System: You are a helpful assistant.
Created: 2025-01-01 00:00:01
Updated: 2025-01-01 00:00:01
Messages: 0 total
%%> "\\silent \\session-activate[id=true] 00000001-0000-4000-8000-000000000001"
%%> "\\session-show[id=true] 00000001"
Session: work_project_alpha (ID: 00000001)
System: You are a helpful assistant.
Created: 2025-01-01 00:00:01
Updated: 2025-01-01 00:00:01
Messages: 0 total
%%> "\\silent \\session-activate[id=true] 00000001-0000-4000-8000-000000000001"
%%> "\\session-show[id=true] 00000003"
Session: debug_session (ID: 00000003)
System: You are a helpful assistant.
Created: 2025-01-01 00:00:03
Updated: 2025-01-01 00:00:03
Messages: 0 total
%%> "\\silent \\session-activate[id=true] 00000003-0000-4000-8000-000000000003"
%%> "\\try \\session-show work_project"
%%> "\\session-show work_project"
%%> "\\get[_error]"
_error = Multiple sessions match name 'work_project'. Please be more specific:
  work_project_alpha (ID: 00000001, messages: 0)                              
  work_project_beta (ID: 00000002, messages: 0)                               
                                                                              
Tip: Use the full name or a longer ID prefix to uniquely identify the session.
%%> "\\try \\session-show[id=true] 000000"
%%> "\\session-show[id=true] 000000"
%%> "\\get[_error]"
_error = Multiple sessions match ID prefix '000000'. Please be more specific: 
  ID: 00000001 (name: work_project_alpha, messages: 0)                        
  ID: 00000002 (name: work_project_beta, messages: 0)                         
  ID: 00000003 (name: debug_session, messages: 0)                             
                                                                              
Tip: Use the full name or a longer ID prefix to uniquely identify the session.
%%> "\\try \\session-show nonexistent_session"
%%> "\\session-show nonexistent_session"
%%> "\\get[_error]"
_error = No sessions found matching name 'nonexistent_session'.
                                                               
Available sessions:                                            
  work_project_alpha (ID: 00000001)                            
  work_project_beta (ID: 00000002)                             
  debug_session (ID: 00000003)                                 
%%> "\\try \\session-show[id=true] xyz999"
%%> "\\session-show[id=true] xyz999"
%%> "\\get[_error]"
_error = No sessions found matching ID prefix 'xyz999'.
                                                       
Available sessions:                                    
  ID: 00000001 (name: work_project_alpha)              
  ID: 00000002 (name: work_project_beta)               
  ID: 00000003 (name: debug_session)                   
%%> "\\session-delete work_project_alpha"
Deleted session 'work_project_alpha' (ID: 00000001)
%%> "\\silent \\session-activate"
%%> "\\session-delete work_project_beta"
Deleted session 'work_project_beta' (ID: 00000002)
%%> "\\silent \\session-activate"
%%> "\\session-delete debug_session"
Deleted session 'debug_session' (ID: 00000003)
%%> "\\silent \\session-activate"