Setting _echo_command = true
%%> "\\get[@status]"
@status = 0
%%> "\\get[@error]"
@error = 
%%> "\\get[@status]"
@status = 0
%%> "\\get[@error]"
@error = 
%%> "\\try \\bash ls /first_nonexistent_file"
%%> "\\bash ls /first_nonexistent_file"
Error: <ls_error_macos>
<non_zero_exit_status>
%%> "\\get[@status]"
@status = 1
%%> "\\get[@error]"
@error = <ls_error_macos>
%%> "\\get[@last_status]"
@last_status = 0
%%> "\\get[@last_error]"
@last_error = 
%%> "\\get[@status]"
@status = 1
%%> "\\get[@error]"
@error = <ls_error_macos>
%%> "\\try \\bash ls /second_nonexistent_file"
%%> "\\bash ls /second_nonexistent_file"
Error: <ls_error_macos>
<non_zero_exit_status>
%%> "\\get[@status]"
@status = 1
%%> "\\get[@error]"
@error = <ls_error_macos>
%%> "\\get[@last_status]"
@last_status = 0
%%> "\\get[@last_error]"
@last_error = 
%%> "\\get[@status]"
@status = 1
%%> "\\get[@error]"
@error = <ls_error_macos>
%%> "\\bash echo \"post-try success\""
post-try success
%%> "\\get[@status]"
@status = 0
%%> "\\get[@error]"
@error = 
%%> "\\get[@last_status]"
@last_status = 1
%%> "\\get[@last_error]"
@last_error = <ls_error_macos>
%%> "\\get[@status]"
@status = 0
%%> "\\get[@error]"
@error = 
%%> "\\try \\bash echo \"try success\""
%%> "\\bash echo \"try success\""
try success
%%> "\\get[@status]"
@status = 0
%%> "\\get[@error]"
@error = 
%%> "\\get[@last_status]"
@last_status = 0
%%> "\\get[@last_error]"
@last_error = 
%%> "\\get[@status]"
@status = 0
%%> "\\get[@error]"
@error = 
%%> "\\get[testvar]  %% Non-existent variable but should not change @last_*"
testvar = 
%%> "\\get[@status]"
@status = 0
%%> "\\get[@error]"
@error = 
%%> "\\get[@last_status]"
@last_status = 0
%%> "\\get[@last_error]"
@last_error = 
%%> "\\try \\set[_protected_var=fail]"
%%> "\\set[_protected_var=fail]"
%%> "\\get[@status]"
@status = 1
%%> "\\get[@error]"
@error = failed to set variable _protected_var: variable name cannot start with _ unless whitelisted
%%> "\\get[@last_status]"
@last_status = 0
%%> "\\get[@last_error]"
@last_error = 