Command: translate

Description: Translate text using AI translation services with customizable options

Usage: \translate[translator=provider, source=lang, target=lang, instruction="custom instructions"] text to translate

Examples:
  \translate Hello world                                    %% Auto-detect source, translate to system default
  \translate[target=spanish] Hello world                   %% Translate to Spanish
  \translate[source=english, target=french] Hello world    %% Explicit source and target
  \translate[translator=zai] Hello world                   %% Use specific provider
  \translate[target=japanese, instruction="the tone should be formal"] Hello world     %% With custom instructions
  \translate[target=german, instruction="make it business style"] Hello world  %% Business style instruction

Options:
  translator  - Translation provider (zai, deepl, google) [default: zai]
  source      - Source language (auto-detect if not specified)
  target      - Target language [default: english]
  instruction - Custom instructions for translation style, tone, context, etc.

Parse Mode: Key-Value (supports [key=value] syntax)

Options:
  translator - Translation service provider (zai, deepl, google) (default: zai)

  source - Source language (auto-detect if not specified) (default: auto)

  target - Target language for translation (default: english)

  instruction - Custom instructions for translation style, tone, context, etc.

Examples:
  \translate Hello, how are you?
%% Basic translation to default target language
  \translate[target=spanish] Hello, how are you?
%% Translate to Spanish
  \translate[source=french, target=english] Bonjour, comment allez-vous?
%% Translate from French to English
  \translate[target=japanese, instruction="the tone should be formal"] Please review this document
%% Formal translation to Japanese with custom instructions
  \translate[translator=deepl, target=german, instruction="make it business style"] Our quarterly results show growth
%% Business style translation using DeepL