Setting _echo_command = true
%%> "\\cat test/fixtures/utf8-content.txt"
UTF-8 Test Content
==================

Basic accented: café, naïve, résumé, piñata
Non-Latin: 日本語, Ελληνικά, Русский
Symbols: — – "" … 
Emojis: 🚀 ✨ 🌟 💫 ⭐
Math: π ∑ ∞ ≠ ≤ ≥
Currency: € £ ¥ ₽ ₹

Mixed line: café with 🚀 and — dash
Complex: "Hello" said the café owner in 日本語
%%> "\\get[_output]"
_output = UTF-8 Test Content
==================

Basic accented: café, naïve, résumé, piñata
Non-Latin: 日本語, Ελληνικά, Русский
Symbols: — – "" … 
Emojis: 🚀 ✨ 🌟 💫 ⭐
Math: π ∑ ∞ ≠ ≤ ≥
Currency: € £ ¥ ₽ ₹

Mixed line: café with 🚀 and — dash
Complex: "Hello" said the café owner in 日本語
%%> "\\cat[path=test/fixtures/utf8-content.txt]"
UTF-8 Test Content
==================

Basic accented: café, naïve, résumé, piñata
Non-Latin: 日本語, Ελληνικά, Русский
Symbols: — – "" … 
Emojis: 🚀 ✨ 🌟 💫 ⭐
Math: π ∑ ∞ ≠ ≤ ≥
Currency: € £ ¥ ₽ ₹

Mixed line: café with 🚀 and — dash
Complex: "Hello" said the café owner in 日本語
%%> "\\get[_output]"
_output = UTF-8 Test Content
==================

Basic accented: café, naïve, résumé, piñata
Non-Latin: 日本語, Ελληνικά, Русский
Symbols: — – "" … 
Emojis: 🚀 ✨ 🌟 💫 ⭐
Math: π ∑ ∞ ≠ ≤ ≥
Currency: € £ ¥ ₽ ₹

Mixed line: café with 🚀 and — dash
Complex: "Hello" said the café owner in 日本語
%%> "\\cat test/fixtures/special-chars.txt"
Special characters: !@#$%^&*()_+-=
Unicode: 🚀 ✨ 🌟 💫 ⭐
Quotes: "double" and 'single'
Backslashes: \n \t \r \\
Tab separated	values	here
%%> "\\get[_output]"
_output = Special characters: !@#$%^&*()_+-=
Unicode: 🚀 ✨ 🌟 💫 ⭐
Quotes: "double" and 'single'
Backslashes: \n \t \r \\
Tab separated	values	here
%%> "\\set[fixture_dir=\"test/fixtures\"]"
Setting fixture_dir = test/fixtures
%%> "\\set[utf8_file=\"utf8-content.txt\"]"
Setting utf8_file = utf8-content.txt
%%> "\\cat ${fixture_dir}/${utf8_file}"
UTF-8 Test Content
==================

Basic accented: café, naïve, résumé, piñata
Non-Latin: 日本語, Ελληνικά, Русский
Symbols: — – "" … 
Emojis: 🚀 ✨ 🌟 💫 ⭐
Math: π ∑ ∞ ≠ ≤ ≥
Currency: € £ ¥ ₽ ₹

Mixed line: café with 🚀 and — dash
Complex: "Hello" said the café owner in 日本語
%%> "\\get[_output]"
_output = UTF-8 Test Content
==================

Basic accented: café, naïve, résumé, piñata
Non-Latin: 日本語, Ελληνικά, Русский
Symbols: — – "" … 
Emojis: 🚀 ✨ 🌟 💫 ⭐
Math: π ∑ ∞ ≠ ≤ ≥
Currency: € £ ¥ ₽ ₹

Mixed line: café with 🚀 and — dash
Complex: "Hello" said the café owner in 日本語
%%> "\\cat test/fixtures/utf8-content.txt"
UTF-8 Test Content
==================

Basic accented: café, naïve, résumé, piñata
Non-Latin: 日本語, Ελληνικά, Русский
Symbols: — – "" … 
Emojis: 🚀 ✨ 🌟 💫 ⭐
Math: π ∑ ∞ ≠ ≤ ≥
Currency: € £ ¥ ₽ ₹

Mixed line: café with 🚀 and — dash
Complex: "Hello" said the café owner in 日本語
%%> "\\echo Content from file: ${_output}"
Content from file: UTF-8 Test Content
==================

Basic accented: café, naïve, résumé, piñata
Non-Latin: 日本語, Ελληνικά, Русский
Symbols: — – "" … 
Emojis: 🚀 ✨ 🌟 💫 ⭐
Math: π ∑ ∞ ≠ ≤ ≥
Currency: € £ ¥ ₽ ₹

Mixed line: café with 🚀 and — dash
Complex: "Hello" said the café owner in 日本語
%%> "\\cat[path=test/fixtures/utf8-content.txt, to=utf8_content_var]"
UTF-8 Test Content
==================

Basic accented: café, naïve, résumé, piñata
Non-Latin: 日本語, Ελληνικά, Русский
Symbols: — – "" … 
Emojis: 🚀 ✨ 🌟 💫 ⭐
Math: π ∑ ∞ ≠ ≤ ≥
Currency: € £ ¥ ₽ ₹

Mixed line: café with 🚀 and — dash
Complex: "Hello" said the café owner in 日本語
%%> "\\get[utf8_content_var]"
utf8_content_var = UTF-8 Test Content
==================

Basic accented: café, naïve, résumé, piñata
Non-Latin: 日本語, Ελληνικά, Русский
Symbols: — – "" … 
Emojis: 🚀 ✨ 🌟 💫 ⭐
Math: π ∑ ∞ ≠ ≤ ≥
Currency: € £ ¥ ₽ ₹

Mixed line: café with 🚀 and — dash
Complex: "Hello" said the café owner in 日本語
%%> "\\cat test/fixtures/utf8-content.txt"
UTF-8 Test Content
==================

Basic accented: café, naïve, résumé, piñata
Non-Latin: 日本語, Ελληνικά, Русский
Symbols: — – "" … 
Emojis: 🚀 ✨ 🌟 💫 ⭐
Math: π ∑ ∞ ≠ ≤ ≥
Currency: € £ ¥ ₽ ₹

Mixed line: café with 🚀 and — dash
Complex: "Hello" said the café owner in 日本語
%%> "\\echo Processing: ${_output}"
Processing: UTF-8 Test Content
==================

Basic accented: café, naïve, résumé, piñata
Non-Latin: 日本語, Ελληνικά, Русский
Symbols: — – "" … 
Emojis: 🚀 ✨ 🌟 💫 ⭐
Math: π ∑ ∞ ≠ ≤ ≥
Currency: € £ ¥ ₽ ₹

Mixed line: café with 🚀 and — dash
Complex: "Hello" said the café owner in 日本語
%%> "\\get[_output]"
_output = Processing: UTF-8 Test Content
==================

Basic accented: café, naïve, résumé, piñata
Non-Latin: 日本語, Ελληνικά, Русский
Symbols: — – "" … 
Emojis: 🚀 ✨ 🌟 💫 ⭐
Math: π ∑ ∞ ≠ ≤ ≥
Currency: € £ ¥ ₽ ₹

Mixed line: café with 🚀 and — dash
Complex: "Hello" said the café owner in 日本語