Command: session-new
Description: Create new chat session for LLM interactions
Usage: \session-new[name=session_name, system=system_prompt] [initial_message]
Examples:
  \session-new                                    # Create anonymous session
  \session-new[name=work]                         # Create named session
  \session-new[system=You are a code reviewer]   # Create session with system prompt
  \session-new[name=debug, system=You are helpful] Debug this code
Options:
  name   - Session name (3-64 chars, alphanumeric plus _.- )
  system - System prompt for LLM context
Parse Mode: Key-Value (supports [key=value] syntax)
Examples:
  \session-new[name=session_name, system=system_prompt] [initial_message]
Examples:
  \session-new                                    # Create anonymous session
  \session-new[name=work]                         # Create named session
  \session-new[system=You are a code reviewer]   # Create session with system prompt
  \session-new[name=debug, system=You are helpful] Debug this code
Options:
  name   - Session name (3-64 chars, alphanumeric plus _.- )
  system - System prompt for LLM context
  \session-new[option=value]