Setting _echo_command = true
%%> "\\model-new[catalog_id=\"O3\"] zebra-model"
Created model 'zebra-model' (ID: 00000001, Provider: openai, Base: o3)
%%> "\\model-activate[id=true] 00000001-0000-4000-8000-000000000001"
Activated model 'zebra-model' (ID: 00000001, Provider: openai, Base: o3)
%%> "\\llm-client-get[provider=openai]"
LLM client ready: openai:b10394de (configured: true)
%%> "\\llm-client-get[provider=openai]"
LLM client ready: openai:b10394de (configured: true)
%%> "\\model-new[catalog_id=\"O4M\"] alpha-model"
Created model 'alpha-model' (ID: 00000002, Provider: openai, Base: o4-mini)
%%> "\\model-activate[id=true] 00000002-0000-4000-8000-000000000002"
Activated model 'alpha-model' (ID: 00000002, Provider: openai, Base: o4-mini)
%%> "\\llm-client-get[provider=openai]"
LLM client ready: openai:b10394de (configured: true)
%%> "\\llm-client-get[provider=openai]"
LLM client ready: openai:b10394de (configured: true)
%%> "\\model-new[provider=\"openai\", base_model=\"gpt-4\"] middle-model"
Created model 'middle-model' (ID: 00000003, Provider: openai, Base: gpt-4)
%%> "\\model-activate[id=true] 00000003-0000-4000-8000-000000000003"
Activated model 'middle-model' (ID: 00000003, Provider: openai, Base: gpt-4)
%%> "\\llm-client-get[provider=openai]"
LLM client ready: openai:b10394de (configured: true)
%%> "\\llm-client-get[provider=openai]"
LLM client ready: openai:b10394de (configured: true)
%%> "\\model-status[sort=\"name\"]"
Model Configurations (3 models):
  alpha-model (00000002)
    Provider: openai
    Base Model: o4-mini
    Catalog ID: O4M
    Parameters: none
    Created: 2025-01-01 00:00:02
  middle-model (00000003)
    Provider: openai
    Base Model: gpt-4
    Catalog ID: none
    Parameters: none
    Created: 2025-01-01 00:00:03
    Active: true
  zebra-model (00000001)
    Provider: openai
    Base Model: o3
    Catalog ID: O3
    Parameters: none
    Created: 2025-01-01 00:00:01
%%> "\\model-status[sort=\"provider\"]"
Model Configurations (3 models):
  alpha-model (00000002)
    Provider: openai
    Base Model: o4-mini
    Catalog ID: O4M
    Parameters: none
    Created: 2025-01-01 00:00:02
  middle-model (00000003)
    Provider: openai
    Base Model: gpt-4
    Catalog ID: none
    Parameters: none
    Created: 2025-01-01 00:00:03
    Active: true
  zebra-model (00000001)
    Provider: openai
    Base Model: o3
    Catalog ID: O3
    Parameters: none
    Created: 2025-01-01 00:00:01
%%> "\\model-status[sort=\"created\"]"
Model Configurations (3 models):
  zebra-model (00000001)
    Provider: openai
    Base Model: o3
    Catalog ID: O3
    Parameters: none
    Created: 2025-01-01 00:00:01
  alpha-model (00000002)
    Provider: openai
    Base Model: o4-mini
    Catalog ID: O4M
    Parameters: none
    Created: 2025-01-01 00:00:02
  middle-model (00000003)
    Provider: openai
    Base Model: gpt-4
    Catalog ID: none
    Parameters: none
    Created: 2025-01-01 00:00:03
    Active: true
%%> "\\try \\model-status[sort=\"invalid\"]"
%%> "\\model-status[sort=\"invalid\"]"
%%> "\\get[#model_count]"
#model_count = 3