Setting _echo_command = true
%%> "\\model-new[catalog_id=\"O3\"] zebra-model"
Created model 'zebra-model' (ID: 00000001, Provider: openai, Base: o3)
%%> "\\model-new[catalog_id=\"CS4\"] alpha-model"
Created model 'alpha-model' (ID: 00000002, Provider: anthropic, Base: claude-sonnet-4-20250514)
%%> "\\model-new[provider=\"openai\", base_model=\"gpt-4\"] middle-model"
Created model 'middle-model' (ID: 00000003, Provider: openai, Base: gpt-4)
%%> "\\model-status[sort=\"name\"]"
Model Configurations (3 models):
  alpha-model (00000002)
    Provider: anthropic
    Base Model: claude-sonnet-4-20250514
    Catalog ID: CS4
    Parameters: none
    Created: 2025-01-01 00:00:02
  middle-model (00000003)
    Provider: openai
    Base Model: gpt-4
    Catalog ID: none
    Parameters: none
    Created: 2025-01-01 00:00:03
    Active: true
  zebra-model (00000001)
    Provider: openai
    Base Model: o3
    Catalog ID: O3
    Parameters: none
    Created: 2025-01-01 00:00:01
%%> "\\model-status[sort=\"provider\"]"
Model Configurations (3 models):
  alpha-model (00000002)
    Provider: anthropic
    Base Model: claude-sonnet-4-20250514
    Catalog ID: CS4
    Parameters: none
    Created: 2025-01-01 00:00:02
  middle-model (00000003)
    Provider: openai
    Base Model: gpt-4
    Catalog ID: none
    Parameters: none
    Created: 2025-01-01 00:00:03
    Active: true
  zebra-model (00000001)
    Provider: openai
    Base Model: o3
    Catalog ID: O3
    Parameters: none
    Created: 2025-01-01 00:00:01
%%> "\\model-status[sort=\"created\"]"
Model Configurations (3 models):
  zebra-model (00000001)
    Provider: openai
    Base Model: o3
    Catalog ID: O3
    Parameters: none
    Created: 2025-01-01 00:00:01
  alpha-model (00000002)
    Provider: anthropic
    Base Model: claude-sonnet-4-20250514
    Catalog ID: CS4
    Parameters: none
    Created: 2025-01-01 00:00:02
  middle-model (00000003)
    Provider: openai
    Base Model: gpt-4
    Catalog ID: none
    Parameters: none
    Created: 2025-01-01 00:00:03
    Active: true
%%> "\\try \\model-status[sort=\"invalid\"]"
%%> "\\model-status[sort=\"invalid\"]"
%%> "\\get[#model_count]"
#model_count = 3