Setting _echo_command = true
%%> "\\echo I think... this works"
I think... this works
%%> "\\echo Also this... works fine"
Also this... works fine
%%> "\\echo Natural ellipsis like this... should be kept intact"
Natural ellipsis like this... should be kept intact
%%> "\\echo Some text... with ellipsis... in multiple places"
Some text... with ellipsis... in multiple places
%%> "\\echo Testing multiple... natural ellipsis... patterns"
Testing multiple... natural ellipsis... patterns