Setting _echo_command = true
%%> "\\set[_style=\"dark\"]"
Setting _style = dark
%%> "\\get[_style]"
_style = dark
%%> "\\set[_style=\"light\"]"
Setting _style = light
%%> "\\get[_style]"
_style = light
%%> "\\set[_style=\"\"]"
Setting _style = 
%%> "\\get[_style]"
_style = 
%%> "\\set[_style=\"dark-modern!\"]"
Setting _style = dark-modern!
%%> "\\get[_style]"
_style = dark-modern!
%%> "\\set[_style=\"final-test\"]"
Setting _style = final-test
%%> "\\get[_style]"
_style = final-test